test_bff_export_settings_are_removed_when_disabled_and_exact_when_enabled (test_auth_config_contract.AuthConfigContractTests.test_bff_export_settings_are_removed_when_disabled_and_exact_when_enabled) ... ok
test_every_missing_or_mismatched_effective_binding_blocks_traffic (test_auth_config_contract.AuthConfigContractTests.test_every_missing_or_mismatched_effective_binding_blocks_traffic) ... ok
test_exact_config_verified_before_explicit_traffic_and_final_readback (test_auth_config_contract.AuthConfigContractTests.test_exact_config_verified_before_explicit_traffic_and_final_readback) ... ok
test_final_mismatch_is_failure (test_auth_config_contract.AuthConfigContractTests.test_final_mismatch_is_failure) ... ok
test_freeze_retains_sanitized_revision_and_rollback_checks_config (test_auth_config_contract.AuthConfigContractTests.test_freeze_retains_sanitized_revision_and_rollback_checks_config) ... ok
test_preflight_requires_enabled_version_without_reading_secret_payload (test_auth_config_contract.AuthConfigContractTests.test_preflight_requires_enabled_version_without_reading_secret_payload) ... ok
test_secret_alias_resolves_to_exact_project_and_name (test_auth_config_contract.AuthConfigContractTests.test_secret_alias_resolves_to_exact_project_and_name) ... ok
test_secret_literals_duplicates_identity_and_disabled_residuals_block_traffic (test_auth_config_contract.AuthConfigContractTests.test_secret_literals_duplicates_identity_and_disabled_residuals_block_traffic) ... ok
test_wrong_secret_name_blocks_traffic (test_auth_config_contract.AuthConfigContractTests.test_wrong_secret_name_blocks_traffic) ... ok
test_bad_candidate_query_selection_blocks_traffic_and_reconcile (test_bff_auth_config_contract.BFFQueryConfigTests.test_bad_candidate_query_selection_blocks_traffic_and_reconcile) ... ok
test_demo_ids_are_dev_only_optional_and_preserve_unmanaged_values (test_bff_auth_config_contract.BFFQueryConfigTests.test_demo_ids_are_dev_only_optional_and_preserve_unmanaged_values) ... ok
test_dev_profile_binding_mismatch_blocks_traffic (test_bff_auth_config_contract.BFFQueryConfigTests.test_dev_profile_binding_mismatch_blocks_traffic) ... ok
test_dev_profile_dispatcher_and_typesafe_secret_are_exactly_delivered_and_verified (test_bff_auth_config_contract.BFFQueryConfigTests.test_dev_profile_dispatcher_and_typesafe_secret_are_exactly_delivered_and_verified) ... ok
test_dev_typesafe_preflight_checks_exact_secret_and_enabled_numeric_version (test_bff_auth_config_contract.BFFQueryConfigTests.test_dev_typesafe_preflight_checks_exact_secret_and_enabled_numeric_version) ... ok
test_malformed_or_inconsistent_plan_fails_before_service_mutation (test_bff_auth_config_contract.BFFQueryConfigTests.test_malformed_or_inconsistent_plan_fails_before_service_mutation) ... ok
test_production_profile_and_export_bindings_are_derived_from_reviewed_plan (test_bff_auth_config_contract.BFFQueryConfigTests.test_production_profile_and_export_bindings_are_derived_from_reviewed_plan) ... ok
test_production_rejects_dev_profile_runtime_bindings (test_bff_auth_config_contract.BFFQueryConfigTests.test_production_rejects_dev_profile_runtime_bindings) ... ok
test_query_delivery_is_independent_of_auth_google_and_final_mismatch_fails (test_bff_auth_config_contract.BFFQueryConfigTests.test_query_delivery_is_independent_of_auth_google_and_final_mismatch_fails) ... ok
test_reviewed_production_typesafe_preflight_checks_exact_enabled_version (test_bff_auth_config_contract.BFFQueryConfigTests.test_reviewed_production_typesafe_preflight_checks_exact_enabled_version) ... ok
test_rollback_restores_prior_demo_env_presence_or_value_by_revision (test_bff_auth_config_contract.BFFQueryConfigTests.test_rollback_restores_prior_demo_env_presence_or_value_by_revision) ... ok
test_rollback_retains_exact_prior_config_without_redeploy_or_values (test_bff_auth_config_contract.BFFQueryConfigTests.test_rollback_retains_exact_prior_config_without_redeploy_or_values) ... ok
test_yaml_selection_delivered_and_exact_revision_verified_before_traffic (test_bff_auth_config_contract.BFFQueryConfigTests.test_yaml_selection_delivered_and_exact_revision_verified_before_traffic) ... ok
test_disabled_export_does_not_remove_production_bff_settings (test_production_auth_config_contract.ProductionConfigContractTests.test_disabled_export_does_not_remove_production_bff_settings) ... ok
test_empty_demo_user_id_accepts_cloud_run_omitted_value_only (test_production_auth_config_contract.ProductionConfigContractTests.test_empty_demo_user_id_accepts_cloud_run_omitted_value_only) ... ok
test_enabled_and_disabled_exact_readback_before_traffic (test_production_auth_config_contract.ProductionConfigContractTests.test_enabled_and_disabled_exact_readback_before_traffic) ... ok
test_final_config_mismatch_fails_reconciliation (test_production_auth_config_contract.ProductionConfigContractTests.test_final_config_mismatch_fails_reconciliation) ... ok
test_identity_literals_and_disabled_residuals_block_traffic (test_production_auth_config_contract.ProductionConfigContractTests.test_identity_literals_and_disabled_residuals_block_traffic) ... ok
test_missing_or_wrong_binding_blocks_traffic (test_production_auth_config_contract.ProductionConfigContractTests.test_missing_or_wrong_binding_blocks_traffic) ... ok
test_production_preflight_requires_enabled_pinned_secret (test_production_auth_config_contract.ProductionConfigContractTests.test_production_preflight_requires_enabled_pinned_secret) ... ok
test_receipt_journal_and_revalidation_guards_precede_provider_work (test_production_auth_config_contract.ProductionConfigContractTests.test_receipt_journal_and_revalidation_guards_precede_provider_work) ... ok
test_retained_revision_restores_absent_config_and_image (test_production_auth_config_contract.ProductionConfigContractTests.test_retained_revision_restores_absent_config_and_image) ... ok
test_rollback_final_readback_and_reconcile_fail_closed (test_production_auth_config_contract.ProductionConfigContractTests.test_rollback_final_readback_and_reconcile_fail_closed) ... ok

----------------------------------------------------------------------
Ran 32 tests in 81.971s

OK
