test_exact_binding_is_sensitive_to_sha_run_and_digest (test_auth_promotion_contract.AuthPromotionContractTest.test_exact_binding_is_sensitive_to_sha_run_and_digest) ... ok
test_exact_receipt_and_run_normalize (test_auth_promotion_contract.AuthPromotionContractTest.test_exact_receipt_and_run_normalize) ... ok
test_exact_receipt_exports_validated_provenance_only (test_auth_promotion_contract.AuthPromotionContractTest.test_exact_receipt_exports_validated_provenance_only) ... ok
test_producer_run_must_be_completed_successful_canonical_auth_run (test_auth_promotion_contract.AuthPromotionContractTest.test_producer_run_must_be_completed_successful_canonical_auth_run) ... ok
test_rejects_mutable_tag_image_reference (test_auth_promotion_contract.AuthPromotionContractTest.test_rejects_mutable_tag_image_reference) ... ok
test_all_legacy_query_envs_are_rejected_from_promoted_evidence (test_bff_deployment_evidence.BFFDeploymentEvidenceTest.test_all_legacy_query_envs_are_rejected_from_promoted_evidence) ... ok
test_current_production_sealed_config_upgrade_is_accepted (test_bff_deployment_evidence.BFFDeploymentEvidenceTest.test_current_production_sealed_config_upgrade_is_accepted) ... ok
test_exact_run_33729903543_prior_production_config_is_accepted (test_bff_deployment_evidence.BFFDeploymentEvidenceTest.test_exact_run_33729903543_prior_production_config_is_accepted) ... ok
test_iam_bindings_require_unconditional_role_members (test_bff_deployment_evidence.BFFDeploymentEvidenceTest.test_iam_bindings_require_unconditional_role_members) ... ok
test_identity_sha_cache_header_and_status_gates_fail (test_bff_deployment_evidence.BFFDeploymentEvidenceTest.test_identity_sha_cache_header_and_status_gates_fail) ... ok
test_identity_transport_failure_is_unknown_but_http_status_is_failed (test_bff_deployment_evidence.BFFDeploymentEvidenceTest.test_identity_transport_failure_is_unknown_but_http_status_is_failed) ... ok
test_invalid_metadata_and_provider_contracts_fail_closed (test_bff_deployment_evidence.BFFDeploymentEvidenceTest.test_invalid_metadata_and_provider_contracts_fail_closed) ... ok
test_legacy_values_must_be_preserved_by_new_revision (test_bff_deployment_evidence.BFFDeploymentEvidenceTest.test_legacy_values_must_be_preserved_by_new_revision) ... ok
test_malformed_service_shapes_emit_failed_marker_and_unhealthy_fallback (test_bff_deployment_evidence.BFFDeploymentEvidenceTest.test_malformed_service_shapes_emit_failed_marker_and_unhealthy_fallback) ... ok
test_observed_revision_image_shapes_are_failed_with_safe_reasons (test_bff_deployment_evidence.BFFDeploymentEvidenceTest.test_observed_revision_image_shapes_are_failed_with_safe_reasons) ... ok
test_old_v2_secret_shape_and_bare_revision_digest_are_rejected (test_bff_deployment_evidence.BFFDeploymentEvidenceTest.test_old_v2_secret_shape_and_bare_revision_digest_are_rejected) ... ok
test_partial_preserves_unknown_marker_and_ignores_forged_classification (test_bff_deployment_evidence.BFFDeploymentEvidenceTest.test_partial_preserves_unknown_marker_and_ignores_forged_classification) ... ok
test_prepare_freezes_effective_serving_revision_when_ready_revision_differs (test_bff_deployment_evidence.BFFDeploymentEvidenceTest.test_prepare_freezes_effective_serving_revision_when_ready_revision_differs) ... ok
test_prepare_rejects_ambiguous_or_non_100_percent_traffic (test_bff_deployment_evidence.BFFDeploymentEvidenceTest.test_prepare_rejects_ambiguous_or_non_100_percent_traffic) ... ok
test_prior_sealed_config_allowlist_and_saved_rollback_are_closed (test_bff_deployment_evidence.BFFDeploymentEvidenceTest.test_prior_sealed_config_allowlist_and_saved_rollback_are_closed) ... ok
test_production_prior_2026_08_21_2_revision_builds_rollback_contract (test_bff_deployment_evidence.BFFDeploymentEvidenceTest.test_production_prior_2026_08_21_2_revision_builds_rollback_contract) ... ok
test_production_prior_2026_08_22_1_revision_builds_rollback_contract (test_bff_deployment_evidence.BFFDeploymentEvidenceTest.test_production_prior_2026_08_22_1_revision_builds_rollback_contract) ... ok
test_promoted_serving_revision_requires_exact_query_stage_path (test_bff_deployment_evidence.BFFDeploymentEvidenceTest.test_promoted_serving_revision_requires_exact_query_stage_path) ... ok
test_provider_and_identity_mismatches_are_classified_failed (test_bff_deployment_evidence.BFFDeploymentEvidenceTest.test_provider_and_identity_mismatches_are_classified_failed) ... ok
test_provider_traffic_is_compared_in_canonical_order_for_one_target (test_bff_deployment_evidence.BFFDeploymentEvidenceTest.test_provider_traffic_is_compared_in_canonical_order_for_one_target) ... ok
test_provider_unavailable_is_partial_and_mismatch_is_unhealthy_with_rollback (test_bff_deployment_evidence.BFFDeploymentEvidenceTest.test_provider_unavailable_is_partial_and_mismatch_is_unhealthy_with_rollback) ... ok
test_public_identity_main_is_rejected_for_develop_build (test_bff_deployment_evidence.BFFDeploymentEvidenceTest.test_public_identity_main_is_rejected_for_develop_build) ... ok
test_public_identity_retains_metadata_build_ref_during_production_promotion (test_bff_deployment_evidence.BFFDeploymentEvidenceTest.test_public_identity_retains_metadata_build_ref_during_production_promotion) ... ok
test_render_modes_require_failure_output (test_bff_deployment_evidence.BFFDeploymentEvidenceTest.test_render_modes_require_failure_output) ... ok
test_rollback_race_and_http_identity_gates_fail (test_bff_deployment_evidence.BFFDeploymentEvidenceTest.test_rollback_race_and_http_identity_gates_fail) ... ok
test_rollback_uses_prior_revision_effective_network_and_legacy_values (test_bff_deployment_evidence.BFFDeploymentEvidenceTest.test_rollback_uses_prior_revision_effective_network_and_legacy_values) ... ok
test_saved_canonical_traffic_unknown_keys_are_rejected (test_bff_deployment_evidence.BFFDeploymentEvidenceTest.test_saved_canonical_traffic_unknown_keys_are_rejected) ... ok
test_service_and_revision_effective_config_must_match (test_bff_deployment_evidence.BFFDeploymentEvidenceTest.test_service_and_revision_effective_config_must_match) ... ok
test_strict_evidence_rejects_service_ingress_change_between_reads (test_bff_deployment_evidence.BFFDeploymentEvidenceTest.test_strict_evidence_rejects_service_ingress_change_between_reads) ... ok
test_strict_evidence_rejects_traffic_that_is_not_the_persisted_candidate (test_bff_deployment_evidence.BFFDeploymentEvidenceTest.test_strict_evidence_rejects_traffic_that_is_not_the_persisted_candidate) ... ok
test_strict_evidence_uses_explicit_serving_revision_when_newer_ready_revision_has_no_traffic (test_bff_deployment_evidence.BFFDeploymentEvidenceTest.test_strict_evidence_uses_explicit_serving_revision_when_newer_ready_revision_has_no_traffic) ... ok
test_strict_evidence_uses_serving_revision_config_when_ready_template_is_untrafficked (test_bff_deployment_evidence.BFFDeploymentEvidenceTest.test_strict_evidence_uses_serving_revision_config_when_ready_template_is_untrafficked) ... ok
test_strict_post_readback_rejects_split_tag_implicit_and_non_100_traffic (test_bff_deployment_evidence.BFFDeploymentEvidenceTest.test_strict_post_readback_rejects_split_tag_implicit_and_non_100_traffic) ... ok
test_strict_post_readback_rejects_traffic_snapshot_change_between_reads (test_bff_deployment_evidence.BFFDeploymentEvidenceTest.test_strict_post_readback_rejects_traffic_snapshot_change_between_reads) ... ok
test_success_is_deterministic_and_has_no_secret_values (test_bff_deployment_evidence.BFFDeploymentEvidenceTest.test_success_is_deterministic_and_has_no_secret_values) ... ok
test_bff_freezes_and_rolls_back_exact_config_without_auth_google (test_bff_explicit_cutover.SharedCDContractTest.test_bff_freezes_and_rolls_back_exact_config_without_auth_google) ... ok
test_bff_partial_result_requires_an_accepted_mutation (test_bff_explicit_cutover.SharedCDContractTest.test_bff_partial_result_requires_an_accepted_mutation) ... ok
test_bff_readback_rejects_runtime_mismatch_and_redacts_secrets (test_bff_explicit_cutover.SharedCDContractTest.test_bff_readback_rejects_runtime_mismatch_and_redacts_secrets) ... ok
test_production_consumes_immutable_dev_receipt_without_rebuilding_bff (test_bff_explicit_cutover.SharedCDContractTest.test_production_consumes_immutable_dev_receipt_without_rebuilding_bff) ... ok
test_retired_bff_build_entry_fails_closed (test_bff_explicit_cutover.SharedCDContractTest.test_retired_bff_build_entry_fails_closed)
Legacy direct builds stay rejected; ready artifacts are engine-owned. ... ok
test_shared_bff_path_preserves_cutover_safety_boundaries (test_bff_explicit_cutover.SharedCDContractTest.test_shared_bff_path_preserves_cutover_safety_boundaries) ... ok
test_canonical_ci_attempt_rejects_changed_in_progress_failed_and_mismatched (test_bff_promotion_contract.BFFPromotionContractTest.test_canonical_ci_attempt_rejects_changed_in_progress_failed_and_mismatched) ... ok
test_canonical_ci_jobs_accepts_real_monorepo_aggregate_contract (test_bff_promotion_contract.BFFPromotionContractTest.test_canonical_ci_jobs_accepts_real_monorepo_aggregate_contract) ... ok
test_canonical_ci_jobs_reject_mismatched_missing_invalid_run_attempt (test_bff_promotion_contract.BFFPromotionContractTest.test_canonical_ci_jobs_reject_mismatched_missing_invalid_run_attempt) ... ok
test_canonical_ci_jobs_require_unique_successful_aggregate_job (test_bff_promotion_contract.BFFPromotionContractTest.test_canonical_ci_jobs_require_unique_successful_aggregate_job) ... ok
test_canonical_ci_run_accepts_exact_identity (test_bff_promotion_contract.BFFPromotionContractTest.test_canonical_ci_run_accepts_exact_identity) ... ok
test_canonical_ci_run_accepts_successful_rerun_after_failed_attempt (test_bff_promotion_contract.BFFPromotionContractTest.test_canonical_ci_run_accepts_successful_rerun_after_failed_attempt) ... ok
test_canonical_ci_run_rejects_cli_identity_mismatch (test_bff_promotion_contract.BFFPromotionContractTest.test_canonical_ci_run_rejects_cli_identity_mismatch) ... ok
test_canonical_ci_run_rejects_latest_green_failed_skipped_and_duplicates (test_bff_promotion_contract.BFFPromotionContractTest.test_canonical_ci_run_rejects_latest_green_failed_skipped_and_duplicates) ... ok
test_canonical_ci_run_rejects_missing_invalid_run_attempt (test_bff_promotion_contract.BFFPromotionContractTest.test_canonical_ci_run_rejects_missing_invalid_run_attempt) ... ok
test_canonical_ci_run_rejects_wrong_path_event_ref_sha (test_bff_promotion_contract.BFFPromotionContractTest.test_canonical_ci_run_rejects_wrong_path_event_ref_sha) ... ok
test_dev_status_spec_convergence_is_stronger_than_production_preflight (test_bff_promotion_contract.BFFPromotionContractTest.test_dev_status_spec_convergence_is_stronger_than_production_preflight) ... ok
test_extract_git_ref_sha_accepts_unique_object (test_bff_promotion_contract.BFFPromotionContractTest.test_extract_git_ref_sha_accepts_unique_object) ... ok
test_extract_git_ref_sha_rejects_duplicate_malformed_and_trailing (test_bff_promotion_contract.BFFPromotionContractTest.test_extract_git_ref_sha_rejects_duplicate_malformed_and_trailing) ... ok
test_fast_forward_compare_accepts_ahead_and_identical (test_bff_promotion_contract.BFFPromotionContractTest.test_fast_forward_compare_accepts_ahead_and_identical) ... ok
test_fast_forward_compare_rejects_non_ancestor_and_malformed (test_bff_promotion_contract.BFFPromotionContractTest.test_fast_forward_compare_rejects_non_ancestor_and_malformed) ... ok
test_normalize_actions_page_accepts_unique_page (test_bff_promotion_contract.BFFPromotionContractTest.test_normalize_actions_page_accepts_unique_page) ... ok
test_normalize_actions_page_rejects_duplicate_keys_before_outputs (test_bff_promotion_contract.BFFPromotionContractTest.test_normalize_actions_page_rejects_duplicate_keys_before_outputs) ... ok
test_output_integrity_and_atomic_readiness_receipt (test_bff_promotion_contract.BFFPromotionContractTest.test_output_integrity_and_atomic_readiness_receipt) ... ok
test_post_rollback_requires_explicit_frozen_revision (test_bff_promotion_contract.BFFPromotionContractTest.test_post_rollback_requires_explicit_frozen_revision) ... ok
test_production_readiness_must_be_the_exact_normalized_develop_receipt (test_bff_promotion_contract.BFFPromotionContractTest.test_production_readiness_must_be_the_exact_normalized_develop_receipt) ... ok
test_provider_readable_traffic_accepts_cloud_run_routing_shapes (test_bff_promotion_contract.BFFPromotionContractTest.test_provider_readable_traffic_accepts_cloud_run_routing_shapes) ... ok
test_provider_readable_traffic_rejects_unreadable_shapes_without_targeting (test_bff_promotion_contract.BFFPromotionContractTest.test_provider_readable_traffic_rejects_unreadable_shapes_without_targeting) ... ok
test_real_receipt_shape_normalizes_exact_identity (test_bff_promotion_contract.BFFPromotionContractTest.test_real_receipt_shape_normalizes_exact_identity) ... ok
test_receipt_lifecycle_is_explicit_and_fail_closed (test_bff_promotion_contract.BFFPromotionContractTest.test_receipt_lifecycle_is_explicit_and_fail_closed) ... ok
test_receipt_line_count_diagnostic_names_nine_lines (test_bff_promotion_contract.BFFPromotionContractTest.test_receipt_line_count_diagnostic_names_nine_lines) ... ok
test_receipt_rejects_non_finite_json_constants (test_bff_promotion_contract.BFFPromotionContractTest.test_receipt_rejects_non_finite_json_constants) ... ok
test_receipt_rejects_noncanonical_run_url_without_writing_output (test_bff_promotion_contract.BFFPromotionContractTest.test_receipt_rejects_noncanonical_run_url_without_writing_output) ... ok
test_receipt_rejects_unknown_missing_trailing_duplicate_ambiguous_and_identity_fields (test_bff_promotion_contract.BFFPromotionContractTest.test_receipt_rejects_unknown_missing_trailing_duplicate_ambiguous_and_identity_fields) ... ok
test_run_jobs_require_unique_successful_same_run_promotion_evidence (test_bff_promotion_contract.BFFPromotionContractTest.test_run_jobs_require_unique_successful_same_run_promotion_evidence) ... ok
test_traffic_rejects_dialect_duplicate_trailing_and_ambiguous_artifacts (test_bff_promotion_contract.BFFPromotionContractTest.test_traffic_rejects_dialect_duplicate_trailing_and_ambiguous_artifacts) ... ok
test_traffic_rejects_non_finite_json_constants (test_bff_promotion_contract.BFFPromotionContractTest.test_traffic_rejects_non_finite_json_constants) ... ok
test_traffic_rejects_split_tagged_mixed_unresolved_and_malformed_forms (test_bff_promotion_contract.BFFPromotionContractTest.test_traffic_rejects_split_tagged_mixed_unresolved_and_malformed_forms) ... ok
test_traffic_requires_pre_mutation_explicit_revision_forms (test_bff_promotion_contract.BFFPromotionContractTest.test_traffic_requires_pre_mutation_explicit_revision_forms) ... ok
test_broader_not_found_patterns_are_not_treated_as_absent (test_classify_cloud_run_service.CloudRunServiceAbsenceClassificationTest.test_broader_not_found_patterns_are_not_treated_as_absent) ... ok
test_exact_cloud_run_cannot_find_service_is_absent (test_classify_cloud_run_service.CloudRunServiceAbsenceClassificationTest.test_exact_cloud_run_cannot_find_service_is_absent) ... ok
test_component_support_targets_start_only_required_native_services (test_local_dev_makefile.LocalDevMakefileTests.test_component_support_targets_start_only_required_native_services) ... ok
test_deploy_dev_recipe_is_parseable_and_keeps_production_target (test_local_dev_makefile.LocalDevMakefileTests.test_deploy_dev_recipe_is_parseable_and_keeps_production_target) ... ok
test_frontend_readiness_accepts_ipv6_localhost (test_local_dev_makefile.LocalDevMakefileTests.test_frontend_readiness_accepts_ipv6_localhost) ... ok
test_frontend_readiness_rejects_an_unbound_loopback_port (test_local_dev_makefile.LocalDevMakefileTests.test_frontend_readiness_rejects_an_unbound_loopback_port) ... ok
test_local_config_writes_only_public_frontend_urls (test_local_dev_makefile.LocalDevMakefileTests.test_local_config_writes_only_public_frontend_urls) ... ok
test_local_worker_runtime_matches_pinned_image_and_runs_without_provider (test_local_dev_makefile.LocalDevMakefileTests.test_local_worker_runtime_matches_pinned_image_and_runs_without_provider) ... ok
test_make_help_documents_native_local_path (test_local_dev_makefile.LocalDevMakefileTests.test_make_help_documents_native_local_path) ... ok
test_native_targets_use_worktree_supervisor_and_same_fixture_config (test_local_dev_makefile.LocalDevMakefileTests.test_native_targets_use_worktree_supervisor_and_same_fixture_config) ... ok
test_pipeline_test_is_local_worker_suite_without_cloud_run (test_local_dev_makefile.LocalDevMakefileTests.test_pipeline_test_is_local_worker_suite_without_cloud_run) ... ok
test_start_returns_named_failure_when_supervised_service_cannot_start (test_local_dev_makefile.LocalDevMakefileTests.test_start_returns_named_failure_when_supervised_service_cannot_start) ... ok
test_stop_is_scoped_to_supervisor_metadata (test_local_dev_makefile.LocalDevMakefileTests.test_stop_is_scoped_to_supervisor_metadata) ... ok
test_supervisor_reports_partial_start_failure_and_cleans_only_its_child (test_local_dev_makefile.LocalDevMakefileTests.test_supervisor_reports_partial_start_failure_and_cleans_only_its_child) ... ok
test_diff_is_limited_to_target_flag (test_postprocess_swagger.PostprocessSwaggerTest.test_diff_is_limited_to_target_flag) ... ok
test_idempotence_and_no_unrelated_drift (test_postprocess_swagger.PostprocessSwaggerTest.test_idempotence_and_no_unrelated_drift) ... ok
test_missing_definition_fails_without_writing (test_postprocess_swagger.PostprocessSwaggerTest.test_missing_definition_fails_without_writing) ... ok
test_fail_closed_metadata_and_readback_paths_emit_no_evidence (test_worker_deployment_evidence.WorkerDeploymentEvidenceTest.test_fail_closed_metadata_and_readback_paths_emit_no_evidence) ... ok
test_fail_closed_rollback_resolution_and_provider_failures_emit_no_rollback (test_worker_deployment_evidence.WorkerDeploymentEvidenceTest.test_fail_closed_rollback_resolution_and_provider_failures_emit_no_rollback) ... ok
test_image_mismatch_falls_back_to_unhealthy_with_safe_reason (test_worker_deployment_evidence.WorkerDeploymentEvidenceTest.test_image_mismatch_falls_back_to_unhealthy_with_safe_reason) ... ok
test_mutable_rollback_uses_second_validated_job_snapshot (test_worker_deployment_evidence.WorkerDeploymentEvidenceTest.test_mutable_rollback_uses_second_validated_job_snapshot) ... ok
test_no_failure_marker_keeps_update_failure_unknown (test_worker_deployment_evidence.WorkerDeploymentEvidenceTest.test_no_failure_marker_keeps_update_failure_unknown) ... ok
test_normalized_evidence_schema_rejects_job_execution_claims (test_worker_deployment_evidence.WorkerDeploymentEvidenceTest.test_normalized_evidence_schema_rejects_job_execution_claims) ... ok
test_partial_fallback_never_overwrites_existing_success_evidence (test_worker_deployment_evidence.WorkerDeploymentEvidenceTest.test_partial_fallback_never_overwrites_existing_success_evidence) ... ok
test_partial_fallback_preserves_frozen_rollback_and_unknown_semantics (test_worker_deployment_evidence.WorkerDeploymentEvidenceTest.test_partial_fallback_preserves_frozen_rollback_and_unknown_semantics) ... ok
test_provider_unavailable_falls_back_to_unknown_without_provider_data (test_worker_deployment_evidence.WorkerDeploymentEvidenceTest.test_provider_unavailable_falls_back_to_unknown_without_provider_data) ... ok
test_render_reconstructs_nested_v1_objects_from_allowlisted_fields (test_worker_deployment_evidence.WorkerDeploymentEvidenceTest.test_render_reconstructs_nested_v1_objects_from_allowlisted_fields) ... ok
test_runtime_service_account_mismatch_falls_back_to_unhealthy_with_safe_reason (test_worker_deployment_evidence.WorkerDeploymentEvidenceTest.test_runtime_service_account_mismatch_falls_back_to_unhealthy_with_safe_reason) ... ok
test_success_normalizes_evidence_after_provider_readback (test_worker_deployment_evidence.WorkerDeploymentEvidenceTest.test_success_normalizes_evidence_after_provider_readback) ... ok
test_unsupported_volume_and_mount_shapes_fail_closed_before_rollback_write (test_worker_deployment_evidence.WorkerDeploymentEvidenceTest.test_unsupported_volume_and_mount_shapes_fail_closed_before_rollback_write) ... ok
test_valid_volume_attributes_are_preserved (test_worker_deployment_evidence.WorkerDeploymentEvidenceTest.test_valid_volume_attributes_are_preserved) ... ok

----------------------------------------------------------------------
Ran 110 tests in 46.156s

OK
