test_build_submit_stage_keeps_reason_and_redacts_child_output (test_prepare_diagnostics.AuthPrepareDiagnostics.test_build_submit_stage_keeps_reason_and_redacts_child_output) ... ok
test_digest_lookup_and_digest_validation_are_distinct_stages (test_prepare_diagnostics.AuthPrepareDiagnostics.test_digest_lookup_and_digest_validation_are_distinct_stages) ... ok
test_engine_result_exposes_only_allowlisted_failure_metadata (test_prepare_diagnostics.AuthPrepareDiagnostics.test_engine_result_exposes_only_allowlisted_failure_metadata) ... ok
test_immutable_validation_failure_is_typed_without_raw_output (test_prepare_diagnostics.AuthPrepareDiagnostics.test_immutable_validation_failure_is_typed_without_raw_output) ... ok
test_known_permission_classification_and_safe_action_are_preserved (test_prepare_diagnostics.AuthPrepareDiagnostics.test_known_permission_classification_and_safe_action_are_preserved) ... ok
test_action_forwards_main_cause_to_stdout_and_retained_result_without_raw_input (test_prepare_diagnostics.FrontendPrepareDiagnostics.test_action_forwards_main_cause_to_stdout_and_retained_result_without_raw_input) ... ok
test_action_retains_bounded_dev_build_streams_only_on_later_prepare_failure (test_prepare_diagnostics.FrontendPrepareDiagnostics.test_action_retains_bounded_dev_build_streams_only_on_later_prepare_failure) ... ok
test_diagnostic_collection_error_does_not_replace_primary_prepare_failure (test_prepare_diagnostics.FrontendPrepareDiagnostics.test_diagnostic_collection_error_does_not_replace_primary_prepare_failure) ... ok
test_diagnostic_uses_the_same_prerender_validation_as_prepare (test_prepare_diagnostics.FrontendPrepareDiagnostics.test_diagnostic_uses_the_same_prerender_validation_as_prepare) ... ok
test_each_frontend_subprocess_failure_is_typed_redacted_and_stops_prepare (test_prepare_diagnostics.FrontendPrepareDiagnostics.test_each_frontend_subprocess_failure_is_typed_redacted_and_stops_prepare) ... ok
test_engine_main_valid_project_response_prepares_frontend_and_keeps_auth (test_prepare_diagnostics.FrontendPrepareDiagnostics.test_engine_main_valid_project_response_prepares_frontend_and_keeps_auth) ... ok
test_failure_reports_fixed_root_and_configured_output_candidates_without_changing_failure (test_prepare_diagnostics.FrontendPrepareDiagnostics.test_failure_reports_fixed_root_and_configured_output_candidates_without_changing_failure) ... ok
test_malformed_diagnostic_metadata_keeps_primary_prepare_failure (test_prepare_diagnostics.FrontendPrepareDiagnostics.test_malformed_diagnostic_metadata_keeps_primary_prepare_failure) ... ok
test_malformed_pulled_project_settings_fail_closed_as_required_build_input (test_prepare_diagnostics.FrontendPrepareDiagnostics.test_malformed_pulled_project_settings_fail_closed_as_required_build_input) ... ok
test_missing_frontend_cli_is_typed_failure_not_timeout (test_prepare_diagnostics.FrontendPrepareDiagnostics.test_missing_frontend_cli_is_typed_failure_not_timeout) ... ok
test_missing_or_wrong_project_root_config_fails_closed_without_root_fallback (test_prepare_diagnostics.FrontendPrepareDiagnostics.test_missing_or_wrong_project_root_config_fails_closed_without_root_fallback) ... ok
test_official_deduplicated_prerender_archives_and_deploys_prebuilt (test_prepare_diagnostics.FrontendPrepareDiagnostics.test_official_deduplicated_prerender_archives_and_deploys_prebuilt) ... ok
test_official_prerender_invalid_or_ambiguous_layouts_fail_closed (test_prepare_diagnostics.FrontendPrepareDiagnostics.test_official_prerender_invalid_or_ambiguous_layouts_fail_closed) ... ok
test_official_prerender_output_prepares_and_archives_exact_fallback (test_prepare_diagnostics.FrontendPrepareDiagnostics.test_official_prerender_output_prepares_and_archives_exact_fallback) ... ok
test_pinned_vercel_and_build_utils_source_env_contract (test_prepare_diagnostics.FrontendPrepareDiagnostics.test_pinned_vercel_and_build_utils_source_env_contract) ... ok
test_production_frontend_failure_does_not_add_dev_diagnostic (test_prepare_diagnostics.FrontendPrepareDiagnostics.test_production_frontend_failure_does_not_add_dev_diagnostic) ... ok
test_provider_prepare_passes_readback_identity_to_pinned_cli_context (test_prepare_diagnostics.FrontendPrepareDiagnostics.test_provider_prepare_passes_readback_identity_to_pinned_cli_context) ... ok
test_provider_prepare_pinned_build_workpath_with_claiming_ancestor (test_prepare_diagnostics.FrontendPrepareDiagnostics.test_provider_prepare_pinned_build_workpath_with_claiming_ancestor) ... ok
test_runtime_deploy_maps_selected_context_before_pinned_cli (test_prepare_diagnostics.FrontendPrepareDiagnostics.test_runtime_deploy_maps_selected_context_before_pinned_cli) ... ok
test_action_preserves_bounded_pipeline_make_failure_and_masks_known_value (test_prepare_diagnostics.PipelineConfigPrepareDiagnostics.test_action_preserves_bounded_pipeline_make_failure_and_masks_known_value) ... ok
test_parser_failure_is_not_reported_as_a_child_command_failure (test_prepare_diagnostics.PipelineConfigPrepareDiagnostics.test_parser_failure_is_not_reported_as_a_child_command_failure) ... ok
test_successful_prepare_still_reaches_ready_through_action (test_prepare_diagnostics.PipelineConfigPrepareDiagnostics.test_successful_prepare_still_reaches_ready_through_action) ... ok
test_code_override_is_allowlisted_and_unknown_cause_is_not_inspected (test_prepare_diagnostics.StructuredCauseContract.test_code_override_is_allowlisted_and_unknown_cause_is_not_inspected) ... ok
test_engine_main_admission_exit_keeps_cause_when_engine_was_not_created (test_prepare_diagnostics.StructuredCauseContract.test_engine_main_admission_exit_keeps_cause_when_engine_was_not_created) ... ok
test_large_error_message_cap_uses_utf8_bytes_and_keeps_both_ends (test_prepare_diagnostics.StructuredCauseContract.test_large_error_message_cap_uses_utf8_bytes_and_keeps_both_ends) ... ok
test_message_is_bounded_selectively_redacted_and_marks_truncation (test_prepare_diagnostics.StructuredCauseContract.test_message_is_bounded_selectively_redacted_and_marks_truncation) ... ok
test_python_input_messages_keep_location_and_omit_json_source_text (test_prepare_diagnostics.StructuredCauseContract.test_python_input_messages_keep_location_and_omit_json_source_text) ... ok

----------------------------------------------------------------------
Ran 32 tests in 8.443s

OK
Pinned resolver baseline=pair-incomplete; runtime-child=linked; resume=single-deploy
